
> react-typescript-starter@0.1.0 test
> react-scripts test "--coverage"

PASS src/tests/SemesterDisplay.test.tsx
PASS src/tests/DegreePlanDisplay.test.tsx
------------------------|---------|----------|---------|---------|-------------------
File                    | % Stmts | % Branch | % Funcs | % Lines | Uncovered Line #s 
------------------------|---------|----------|---------|---------|-------------------
All files               |      40 |       50 |   28.57 |      40 |                   
 src                    |       0 |      100 |       0 |       0 |                   
  App.tsx               |       0 |      100 |       0 |       0 | 7-12              
 src/components         |   47.05 |       50 |   30.76 |   47.05 |                   
  CourseDisplay.tsx     |       0 |      100 |       0 |       0 | 6                 
  CourseList.tsx        |       0 |      100 |       0 |       0 | 7-10              
  DegreePlanDisplay.tsx |     100 |      100 |     100 |     100 |                   
  SemesterDisplay.tsx   |      60 |       50 |   33.33 |      60 | 18-29             
  SemesterList.tsx      |       0 |      100 |       0 |       0 | 11-14             
 src/interfaces         |       0 |        0 |       0 |       0 |                   
  course.ts             |       0 |        0 |       0 |       0 |                   
  degreeplan.ts         |       0 |        0 |       0 |       0 |                   
  semester.ts           |       0 |        0 |       0 |       0 |                   
------------------------|---------|----------|---------|---------|-------------------

Test Suites: 2 passed, 2 total
Tests:       7 passed, 7 total
Snapshots:   0 total
Time:        3.149 s
Ran all test suites.
